#-----------------------------------------------------------
# Vivado v2022.1 (64-bit)
# SW Build 3526262 on Mon Apr 18 15:48:16 MDT 2022
# IP Build 3524634 on Mon Apr 18 20:55:01 MDT 2022
# Start of session at: Fri Feb 10 16:52:41 2023
# Process ID: 14600
# Current directory: C:/Users/kawse/OneDrive - University of Florida/Academic/2023 Spring/EEL5930-SoC-Design/Homeworks/HW1/hw1_pong_game/hw1_pong_game.runs/synth_1
# Command line: vivado.exe -log top.vds -product Vivado -mode batch -messageDb vivado.pb -notrace -source top.tcl
# Log file: C:/Users/kawse/OneDrive - University of Florida/Academic/2023 Spring/EEL5930-SoC-Design/Homeworks/HW1/hw1_pong_game/hw1_pong_game.runs/synth_1/top.vds
# Journal file: C:/Users/kawse/OneDrive - University of Florida/Academic/2023 Spring/EEL5930-SoC-Design/Homeworks/HW1/hw1_pong_game/hw1_pong_game.runs/synth_1\vivado.jou
# Running On: HPLaptopKawser, OS: Windows, CPU Frequency: 1498 MHz, CPU Physical cores: 4, Host memory: 16946 MB
#-----------------------------------------------------------
source top.tcl -notrace
