#-----------------------------------------------------------
# Vivado v2022.1 (64-bit)
# SW Build 3526262 on Mon Apr 18 15:48:16 MDT 2022
# IP Build 3524634 on Mon Apr 18 20:55:01 MDT 2022
# Start of session at: Sun Jan 22 10:52:10 2023
# Process ID: 23020
# Current directory: C:/Users/kawse/OneDrive - University of Florida/Academic/2023 Spring/EEL5930-SoC-Design/Homeworks/HW1/hw1_pong_game
# Command line: vivado.exe -gui_launcher_event rodinguilauncherevent25432 C:\Users\kawse\OneDrive - University of Florida\Academic\2023 Spring\EEL5930-SoC-Design\Homeworks\HW1\hw1_pong_game\hw1_pong_game.xpr
# Log file: C:/Users/kawse/OneDrive - University of Florida/Academic/2023 Spring/EEL5930-SoC-Design/Homeworks/HW1/hw1_pong_game/vivado.log
# Journal file: C:/Users/kawse/OneDrive - University of Florida/Academic/2023 Spring/EEL5930-SoC-Design/Homeworks/HW1/hw1_pong_game\vivado.jou
# Running On: HPLaptopKawser, OS: Windows, CPU Frequency: 1498 MHz, CPU Physical cores: 4, Host memory: 16946 MB
#-----------------------------------------------------------
start_gui
open_project {C:/Users/kawse/OneDrive - University of Florida/Academic/2023 Spring/EEL5930-SoC-Design/Homeworks/HW1/hw1_pong_game/hw1_pong_game.xpr}
upgrade_project -migrate_output_products
update_compile_order -fileset sources_1
